
> scimit@1.3.0 start
> node dist/cli.js

  · migrating database to 1.3.0
  ! new bearer token generated — copy it from the Connector page
  · database ready

  🕺 SCIMit v1.3.0  ready

  Dashboard  →  http://localhost:3088
  SCIM       →  http://localhost:3088/scim/v2
  Database   →  /home/jules/.scimit/data.db

  →  GET      /targets                                200  10ms
  →  GET      /assets/index-BvWTGeY-.css              200  4ms
  →  GET      /assets/index-CDB5ZDxS.js               200  7ms
  →  GET      /targets                                200  3ms
  →  GET      /assets/index-BvWTGeY-.css              200  3ms
  →  GET      /assets/index-CDB5ZDxS.js               200  5ms
  →  GET      /logs                                   200  1ms
  →  GET      /assets/index-CDB5ZDxS.js               304  2ms
  →  GET      /assets/index-BvWTGeY-.css              304  2ms
  →  GET      /                                       200  3ms
  →  GET      /users                                  200  2ms
  →  GET      /assets/index-CDB5ZDxS.js               304  1ms
  →  GET      /assets/index-BvWTGeY-.css              304  2ms
  →  GET      /users                                  200  2ms
